Lmod has detected the following error: The following module(s) are unknown:
"python/3.9"

Please check the spelling or version number. Also try "module spider ..."
It is also possible your cache file is out-of-date; it may help to try:
  $ module --ignore_cache load "python/3.9"

Also make sure that all modulefiles written in TCL start with the string
#%Module



Traceback (most recent call last):
  File "/home/dzelila/trueaid/Kod_HPC.py", line 3, in <module>
    import cv2
ModuleNotFoundError: No module named 'cv2'
Traceback (most recent call last):
  File "/home/dzelila/trueaid/Kod_HPC.py", line 3, in <module>
    import cv2
ModuleNotFoundError: No module named 'cv2'
Traceback (most recent call last):
  File "/home/dzelila/trueaid/Kod_HPC.py", line 3, in <module>
    import cv2
ModuleNotFoundError: No module named 'cv2'
Traceback (most recent call last):
  File "/home/dzelila/trueaid/Kod_HPC.py", line 3, in <module>
    import cv2
ModuleNotFoundError: No module named 'cv2'
Traceback (most recent call last):
  File "/home/dzelila/trueaid/Kod_HPC.py", line 3, in <module>
    import cv2
ModuleNotFoundError: No module named 'cv2'
Traceback (most recent call last):
  File "/home/dzelila/trueaid/Kod_HPC.py", line 3, in <module>
    import cv2
ModuleNotFoundError: No module named 'cv2'
