--------------------------------------------
POKREĆEM HPC SCALING: BATCH SIZE 32
--------------------------------------------
Traceback (most recent call last):
  File "/home/dzelila/trueaid/Kod_HPC.py", line 3, in <module>
    import cv2
  File "/home/dzelila/.local/lib/python3.11/site-packages/cv2/__init__.py", line 181, in <module>
    bootstrap()
  File "/home/dzelila/.local/lib/python3.11/site-packages/cv2/__init__.py", line 153, in bootstrap
    native_module = importlib.import_module("cv2")
                    ^^^^^^^^^^^^^^^^^^^^^^^^^^^^^^
  File "/usr/local/software/Python/3.11.5-GCCcore-13.2.0/lib/python3.11/importlib/__init__.py", line 126, in import_module
    return _bootstrap._gcd_import(name[level:], package, level)
           ^^^^^^^^^^^^^^^^^^^^^^^^^^^^^^^^^^^^^^^^^^^^^^^^^^^^
ImportError: libxcb.so.1: cannot open shared object file: No such file or directory
--------------------------------------------
POKREĆEM HPC SCALING: BATCH SIZE 64
--------------------------------------------
Traceback (most recent call last):
  File "/home/dzelila/trueaid/Kod_HPC.py", line 3, in <module>
    import cv2
  File "/home/dzelila/.local/lib/python3.11/site-packages/cv2/__init__.py", line 181, in <module>
    bootstrap()
  File "/home/dzelila/.local/lib/python3.11/site-packages/cv2/__init__.py", line 153, in bootstrap
    native_module = importlib.import_module("cv2")
                    ^^^^^^^^^^^^^^^^^^^^^^^^^^^^^^
  File "/usr/local/software/Python/3.11.5-GCCcore-13.2.0/lib/python3.11/importlib/__init__.py", line 126, in import_module
    return _bootstrap._gcd_import(name[level:], package, level)
           ^^^^^^^^^^^^^^^^^^^^^^^^^^^^^^^^^^^^^^^^^^^^^^^^^^^^
ImportError: libxcb.so.1: cannot open shared object file: No such file or directory
--------------------------------------------
POKREĆEM HPC SCALING: BATCH SIZE 128
--------------------------------------------
Traceback (most recent call last):
  File "/home/dzelila/trueaid/Kod_HPC.py", line 3, in <module>
    import cv2
  File "/home/dzelila/.local/lib/python3.11/site-packages/cv2/__init__.py", line 181, in <module>
    bootstrap()
  File "/home/dzelila/.local/lib/python3.11/site-packages/cv2/__init__.py", line 153, in bootstrap
    native_module = importlib.import_module("cv2")
                    ^^^^^^^^^^^^^^^^^^^^^^^^^^^^^^
  File "/usr/local/software/Python/3.11.5-GCCcore-13.2.0/lib/python3.11/importlib/__init__.py", line 126, in import_module
    return _bootstrap._gcd_import(name[level:], package, level)
           ^^^^^^^^^^^^^^^^^^^^^^^^^^^^^^^^^^^^^^^^^^^^^^^^^^^^
ImportError: libxcb.so.1: cannot open shared object file: No such file or directory
